

Working Directory = /home/thoshith/work_risc_v/scl6m/design
QoS Summary for microprocessor_pad_top
==========================================================================================
Metric                          generic         map             syn_opt         final          
==========================================================================================
Slack (ps):                     8,152             591               1               1
  R2R (ps):                     8,152             591               1               1
  I2R (ps):                    14,396          11,522          11,522          11,522
  R2O (ps):                  no_value        no_value        no_value        no_value
  I2O (ps):                  no_value        no_value        no_value        no_value
  CG  (ps):                  no_value        no_value        no_value        no_value
TNS (ps):                           0               0               0               0
  R2R (ps):                         0               0               0               0
  I2R (ps):                         0               0               0               0
  R2O (ps):                  no_value        no_value        no_value        no_value
  I2O (ps):                  no_value        no_value        no_value        no_value
  CG  (ps):                  no_value        no_value        no_value        no_value
Failing Paths:                      0               0               0               0
Cell Area:                    517,486         383,061         379,586         379,586
Total Cell Area:              517,486         383,061         379,586         379,586
Leaf Instances:                15,481           9,160           8,937           8,937
Total Instances:               15,481           9,160           8,937           8,937
Utilization (%):                 0.00            0.00            0.00            0.00
Tot. Net Length (um):        no_value        no_value        no_value        no_value
Avg. Net Length (um):        no_value        no_value        no_value        no_value
Route Overflow H (%):        no_value        no_value        no_value        no_value
Route Overflow V (%):        no_value        no_value        no_value        no_value
MBCI(%) (bits/gate) :            0.00            0.00            0.00            0.00
Norm Cong Hotspot Area:
  Max Cong:                  no_value        no_value        no_value        no_value
  Tot Cong:                  no_value        no_value        no_value        no_value
==========================================================================================
CPU  Runtime (h:m:s):        00:32:34        00:33:19        00:31:07        00:30:02
Real Runtime (h:m:s):        00:32:01        00:31:36        00:31:02        00:30:03
CPU  Elapsed (h:m:s):        00:32:42        00:36:00        00:37:08        00:37:09
Real Elapsed (h:m:s):        00:32:05        00:33:40        00:34:43        00:34:45
Memory (MB):                  1835.18         1863.13         1862.96         1862.96
==========================================================================================
==========================================================================================
Flow Settings:
==========================================================================================
Total Runtime (h:m:s): 00:34:44
Total Memory (MB):     1926.96
Executable Version:    21.19-s055_1
==========================================================================================
Total Cell Area =  Cell Area + Physical Cell Area
Total Instances =  Leaf Instances + Physical Instances


